192.168.1.1 - - [12/May/2023:14:00:01 +0000] "GET /index.html HTTP/1.1" 200 5120
192.168.1.2 - - [12/May/2023:14:00:05 +0000] "GET /images/logo.png HTTP/1.1" 200 12345
192.168.1.3 - - [12/May/2023:14:00:10 +0000] "GET /about.html HTTP/1.1" 200 3072
192.168.1.1 - - [12/May/2023:14:00:15 +0000] "GET /nonexistent_page.html HTTP/1.1" 404 200
192.168.1.4 - - [12/May/2023:14:00:20 +0000] "POST /api/submit HTTP/1.1" 201 150
192.168.1.2 - - [12/May/2023:14:00:22 +0000] "GET /styles/main.css HTTP/1.1" 200 8096
192.168.1.5 - - [12/May/2023:14:00:25 +0000] "GET /old_link.php HTTP/1.1" 404 180
192.168.1.1 - - [12/May/2023:14:00:30 +0000] "GET /favicon.ico HTTP/1.1" 200 1150
192.168.1.3 - - [12/May/2023:14:00:33 +0000] "GET /admin/login HTTP/1.1" 401 300
192.168.1.6 - - [12/May/2023:14:00:35 +0000] "GET /resource_not_found HTTP/1.1" 404 210
10.0.0.5 - - [12/May/2023:14:01:01 +0000] "GET /assets/font.woff2 HTTP/1.1" 200 7850
10.0.0.6 - - [12/May/2023:14:01:05 +0000] "GET /products/item123 HTTP/1.1" 200 4096
10.0.0.7 - - [12/May/2023:14:01:10 +0000] "GET /search?q=test HTTP/1.1" 200 6200
10.0.0.5 - - [12/May/2023:14:01:15 +0000] "GET /api/v1/users/findme HTTP/1.1" 404 190
10.0.0.8 - - [12/May/2023:14:01:20 +0000] "PUT /api/data/1 HTTP/1.1" 200 50
10.0.0.6 - - [12/May/2023:14:01:22 +0000] "GET /js/app.js HTTP/1.1" 200 25600
10.0.0.9 - - [12/May/2023:14:01:25 +0000] "GET /images/banner.jpg HTTP/1.1" 200 102400
10.0.0.5 - - [12/May/2023:14:01:30 +0000] "GET /sitemap.xml HTTP/1.1" 200 1536
10.0.0.7 - - [12/May/2023:14:01:33 +0000] "GET /user/profile/edit HTTP/1.1" 403 250
10.0.0.10 - - [12/May/2023:14:01:35 +0000] "GET /this/path/does/not/exist HTTP/1.1" 404 220
172.16.0.1 - - [12/May/2023:14:02:01 +0000] "GET /video/stream.m3u8 HTTP/1.1" 200 100
172.16.0.2 - - [12/May/2023:14:02:05 +0000] "GET /main_page HTTP/1.1" 200 7321
172.16.0.3 - - [12/May/2023:14:02:10 +0000] "GET /contact HTTP/1.1" 200 2240
172.16.0.1 - - [12/May/2023:14:02:15 +0000] "GET /definitely_missing_file.txt HTTP/1.1" 404 175
172.16.0.4 - - [12/May/2023:14:02:20 +0000] "POST /form/process HTTP/1.1" 500 300
172.16.0.2 - - [12/May/2023:14:02:22 +0000] "GET /static/vendor.js HTTP/1.1" 200 150000
172.16.0.5 - - [12/May/2023:14:02:25 +0000] "GET /downloads/document.pdf HTTP/1.1" 200 2048000
172.16.0.1 - - [12/May/2023:14:02:30 +0000] "GET /robots.txt HTTP/1.1" 200 200
172.16.0.3 - - [12/May/2023:14:02:33 +0000] "GET /wp-admin/ HTTP/1.1" 301 150
172.16.0.6 - - [12/May/2023:14:02:35 +0000] "GET /another/missing/item HTTP/1.1" 404 195
192.168.1.1 - - [12/May/2023:14:00:01 +0000] "GET /index.html HTTP/1.1" 200 5120
192.168.1.2 - - [12/May/2023:14:00:05 +0000] "GET /images/logo.png HTTP/1.1" 200 12345
192.168.1.3 - - [12/May/2023:14:00:10 +0000] "GET /about.html HTTP/1.1" 200 3072
192.168.1.1 - - [12/May/2023:14:00:15 +0000] "GET /nonexistent_page.html HTTP/1.1" 404 200
192.168.1.4 - - [12/May/2023:14:00:20 +0000] "POST /api/submit HTTP/1.1" 201 150
192.168.1.2 - - [12/May/2023:14:00:22 +0000] "GET /styles/main.css HTTP/1.1" 200 8096
192.168.1.5 - - [12/May/2023:14:00:25 +0000] "GET /old_link.php HTTP/1.1" 404 180
192.168.1.1 - - [12/May/2023:14:00:30 +0000] "GET /favicon.ico HTTP/1.1" 200 1150
192.168.1.3 - - [12/May/2023:14:00:33 +0000] "GET /admin/login HTTP/1.1" 401 300
192.168.1.6 - - [12/May/2023:14:00:35 +0000] "GET /resource_not_found HTTP/1.1" 404 210
10.0.0.5 - - [12/May/2023:14:01:01 +0000] "GET /assets/font.woff2 HTTP/1.1" 200 7850
10.0.0.6 - - [12/May/2023:14:01:05 +0000] "GET /products/item123 HTTP/1.1" 200 4096
10.0.0.7 - - [12/May/2023:14:01:10 +0000] "GET /search?q=test HTTP/1.1" 200 6200
10.0.0.5 - - [12/May/2023:14:01:15 +0000] "GET /api/v1/users/findme HTTP/1.1" 404 190
10.0.0.8 - - [12/May/2023:14:01:20 +0000] "PUT /api/data/1 HTTP/1.1" 200 50
10.0.0.6 - - [12/May/2023:14:01:22 +0000] "GET /js/app.js HTTP/1.1" 200 25600
10.0.0.9 - - [12/May/2023:14:01:25 +0000] "GET /images/banner.jpg HTTP/1.1" 200 102400
10.0.0.5 - - [12/May/2023:14:01:30 +0000] "GET /sitemap.xml HTTP/1.1" 200 1536
10.0.0.7 - - [12/May/2023:14:01:33 +0000] "GET /user/profile/edit HTTP/1.1" 403 250
10.0.0.10 - - [12/May/2023:14:01:35 +0000] "GET /this/path/does/not/exist HTTP/1.1" 404 220
172.16.0.1 - - [12/May/2023:14:02:01 +0000] "GET /video/stream.m3u8 HTTP/1.1" 200 100
172.16.0.2 - - [12/May/2023:14:02:05 +0000] "GET /main_page HTTP/1.1" 200 7321
172.16.0.3 - - [12/May/2023:14:02:10 +0000] "GET /contact HTTP/1.1" 200 2240
172.16.0.1 - - [12/May/2023:14:02:15 +0000] "GET /definitely_missing_file.txt HTTP/1.1" 404 175
172.16.0.4 - - [12/May/2023:14:02:20 +0000] "POST /form/process HTTP/1.1" 500 300
172.16.0.2 - - [12/May/2023:14:02:22 +0000] "GET /static/vendor.js HTTP/1.1" 200 150000
172.16.0.5 - - [12/May/2023:14:02:25 +0000] "GET /downloads/document.pdf HTTP/1.1" 200 2048000
172.16.0.1 - - [12/May/2023:14:02:30 +0000] "GET /robots.txt HTTP/1.1" 200 200
172.16.0.3 - - [12/May/2023:14:02:33 +0000] "GET /wp-admin/ HTTP/1.1" 301 150
172.16.0.6 - - [12/May/2023:14:02:35 +0000] "GET /another/missing/item HTTP/1.1" 404 195
192.168.1.1 - - [12/May/2023:14:00:01 +0000] "GET /index.html HTTP/1.1" 200 5120
192.168.1.2 - - [12/May/2023:14:00:05 +0000] "GET /images/logo.png HTTP/1.1" 200 12345
192.168.1.3 - - [12/May/2023:14:00:10 +0000] "GET /about.html HTTP/1.1" 200 3072
192.168.1.1 - - [12/May/2023:14:00:15 +0000] "GET /nonexistent_page.html HTTP/1.1" 404 200
192.168.1.4 - - [12/May/2023:14:00:20 +0000] "POST /api/submit HTTP/1.1" 201 150
192.168.1.2 - - [12/May/2023:14:00:22 +0000] "GET /styles/main.css HTTP/1.1" 200 8096
192.168.1.5 - - [12/May/2023:14:00:25 +0000] "GET /old_link.php HTTP/1.1" 404 180
192.168.1.1 - - [12/May/2023:14:00:30 +0000] "GET /favicon.ico HTTP/1.1" 200 1150
192.168.1.3 - - [12/May/2023:14:00:33 +0000] "GET /admin/login HTTP/1.1" 401 300
192.168.1.6 - - [12/May/2023:14:00:35 +0000] "GET /resource_not_found HTTP/1.1" 404 210
10.0.0.5 - - [12/May/2023:14:01:01 +0000] "GET /assets/font.woff2 HTTP/1.1" 200 7850
10.0.0.6 - - [12/May/2023:14:01:05 +0000] "GET /products/item123 HTTP/1.1" 200 4096
10.0.0.7 - - [12/May/2023:14:01:10 +0000] "GET /search?q=test HTTP/1.1" 200 6200
10.0.0.5 - - [12/May/2023:14:01:15 +0000] "GET /api/v1/users/findme HTTP/1.1" 404 190
10.0.0.8 - - [12/May/2023:14:01:20 +0000] "PUT /api/data/1 HTTP/1.1" 200 50
10.0.0.6 - - [12/May/2023:14:01:22 +0000] "GET /js/app.js HTTP/1.1" 200 25600
10.0.0.9 - - [12/May/2023:14:01:25 +0000] "GET /images/banner.jpg HTTP/1.1" 200 102400
10.0.0.5 - - [12/May/2023:14:01:30 +0000] "GET /sitemap.xml HTTP/1.1" 200 1536
10.0.0.7 - - [12/May/2023:14:01:33 +0000] "GET /user/profile/edit HTTP/1.1" 403 250
10.0.0.10 - - [12/May/2023:14:01:35 +0000] "GET /this/path/does/not/exist HTTP/1.1" 404 220
172.16.0.1 - - [12/May/2023:14:02:01 +0000] "GET /video/stream.m3u8 HTTP/1.1" 200 100
172.16.0.2 - - [12/May/2023:14:02:05 +0000] "GET /main_page HTTP/1.1" 200 7321
172.16.0.3 - - [12/May/2023:14:02:10 +0000] "GET /contact HTTP/1.1" 200 2240
172.16.0.1 - - [12/May/2023:14:02:15 +0000] "GET /definitely_missing_file.txt HTTP/1.1" 404 175
172.16.0.4 - - [12/May/2023:14:02:20 +0000] "POST /form/process HTTP/1.1" 500 300
172.16.0.2 - - [12/May/2023:14:02:22 +0000] "GET /static/vendor.js HTTP/1.1" 200 150000
172.16.0.5 - - [12/May/2023:14:02:25 +0000] "GET /downloads/document.pdf HTTP/1.1" 200 2048000
172.16.0.1 - - [12/May/2023:14:02:30 +0000] "GET /robots.txt HTTP/1.1" 200 200
172.16.0.3 - - [12/May/2023:14:02:33 +0000] "GET /wp-admin/ HTTP/1.1" 301 150
172.16.0.6 - - [12/May/2023:14:02:35 +0000] "GET /another/missing/item HTTP/1.1" 404 195
192.168.1.1 - - [12/May/2023:14:00:01 +0000] "GET /index.html HTTP/1.1" 200 5120
192.168.1.2 - - [12/May/2023:14:00:05 +0000] "GET /images/logo.png HTTP/1.1" 200 12345
192.168.1.3 - - [12/May/2023:14:00:10 +0000] "GET /about.html HTTP/1.1" 200 3072
192.168.1.1 - - [12/May/2023:14:00:15 +0000] "GET /nonexistent_page.html HTTP/1.1" 404 200
192.168.1.4 - - [12/May/2023:14:00:20 +0000] "POST /api/submit HTTP/1.1" 201 150
192.168.1.2 - - [12/May/2023:14:00:22 +0000] "GET /styles/main.css HTTP/1.1" 200 8096
192.168.1.5 - - [12/May/2023:14:00:25 +0000] "GET /old_link.php HTTP/1.1" 404 180
192.168.1.1 - - [12/May/2023:14:00:30 +0000] "GET /favicon.ico HTTP/1.1" 200 1150
192.168.1.3 - - [12/May/2023:14:00:33 +0000] "GET /admin/login HTTP/1.1" 401 300
192.168.1.6 - - [12/May/2023:14:00:35 +0000] "GET /resource_not_found HTTP/1.1" 404 210
10.0.0.5 - - [12/May/2023:14:01:01 +0000] "GET /assets/font.woff2 HTTP/1.1" 200 7850
10.0.0.6 - - [12/May/2023:14:01:05 +0000] "GET /products/item123 HTTP/1.1" 200 4096
10.0.0.7 - - [12/May/2023:14:01:10 +0000] "GET /search?q=test HTTP/1.1" 200 6200
10.0.0.5 - - [12/May/2023:14:01:15 +0000] "GET /api/v1/users/findme HTTP/1.1" 404 190
10.0.0.8 - - [12/May/2023:14:01:20 +0000] "PUT /api/data/1 HTTP/1.1" 200 50
10.0.0.6 - - [12/May/2023:14:01:22 +0000] "GET /js/app.js HTTP/1.1" 200 25600
10.0.0.9 - - [12/May/2023:14:01:25 +0000] "GET /images/banner.jpg HTTP/1.1" 200 102400
10.0.0.5 - - [12/May/2023:14:01:30 +0000] "GET /sitemap.xml HTTP/1.1" 200 1536
10.0.0.7 - - [12/May/2023:14:01:33 +0000] "GET /user/profile/edit HTTP/1.1" 403 250
10.0.0.10 - - [12/May/2023:14:01:35 +0000] "GET /this/path/does/not/exist HTTP/1.1" 404 220
172.16.0.1 - - [12/May/2023:14:02:01 +0000] "GET /video/stream.m3u8 HTTP/1.1" 200 100
172.16.0.2 - - [12/May/2023:14:02:05 +0000] "GET /main_page HTTP/1.1" 200 7321
172.16.0.3 - - [12/May/2023:14:02:10 +0000] "GET /contact HTTP/1.1" 200 2240
172.16.0.1 - - [12/May/2023:14:02:15 +0000] "GET /definitely_missing_file.txt HTTP/1.1" 404 175
172.16.0.4 - - [12/May/2023:14:02:20 +0000] "POST /form/process HTTP/1.1" 500 300
172.16.0.2 - - [12/May/2023:14:02:22 +0000] "GET /static/vendor.js HTTP/1.1" 200 150000
172.16.0.5 - - [12/May/2023:14:02:25 +0000] "GET /downloads/document.pdf HTTP/1.1" 200 2048000
172.16.0.1 - - [12/May/2023:14:02:30 +0000] "GET /robots.txt HTTP/1.1" 200 200
172.16.0.3 - - [12/May/2023:14:02:33 +0000] "GET /wp-admin/ HTTP/1.1" 301 150
172.16.0.6 - - [12/May/2023:14:02:35 +0000] "GET /another/missing/item HTTP/1.1" 404 195